[2018-05-03 18:17:55,157] INFO: ++++++++++++++++++++++++++++++++++++++++++++++++++
[2018-05-03 20:03:36,862] INFO: ++++++++++++++++++++++++++++++++++++++++++++++++++
[2018-05-03 20:03:36,863] INFO: RMSE
[2018-05-03 20:03:36,863] INFO:       Mean: .6f
